[0;33mRunning qemu on socket://localhost:5555[0m
Adding "qemu"'s dependency "all" to list of commands with default set of options.
Executing action: all (aliases: build)
Running ninja in directory /Users/richardhine/Documents/Xcode/ESP32-EFIS/firmware/build-qemu
Executing "ninja all"...
[1/17] Building C object esp-idf/main/CMakeFiles/__idf_main.dir/horizon_renderer.c.obj
FAILED: esp-idf/main/CMakeFiles/__idf_main.dir/horizon_renderer.c.obj 
/Users/richardhine/.espressif/tools/xtensa-esp-elf/esp-14.2.0_20260121/xtensa-esp-elf/bin/xtensa-esp32s3-elf-gcc -DESP_PLATFORM -DIDF_VER=\"v5.4.4\" -DSOC_MMU_PAGE_SIZE=CONFIG_MMU_PAGE_SIZE -DSOC_XTAL_FREQ_MHZ=CONFIG_XTAL_FREQ -D_GLIBCXX_HAVE_POSIX_SEMAPHORE -D_GLIBCXX_USE_POSIX_SEMAPHORE -D_GNU_SOURCE -D_POSIX_READER_WRITER_LOCKS -I/Users/richardhine/Documents/Xcode/ESP32-EFIS/firmware/build-qemu/config -I/Users/richardhine/Documents/Xcode/ESP32-EFIS/firmware/main -I/Users/richardhine/Documents/Xcode/ESP32-EFIS/firmware/include -I/Users/richardhine/.espressif/v5.4.4/esp-idf/components/newlib/platform_include -I/Users/richardhine/.espressif/v5.4.4/esp-idf/components/freertos/config/include -I/Users/richardhine/.espressif/v5.4.4/esp-idf/components/freertos/config/include/freertos -I/Users/richardhine/.espressif/v5.4.4/esp-idf/components/freertos/config/xtensa/include -I/Users/richardhine/.espressif/v5.4.4/esp-idf/components/freertos/FreeRTOS-Kernel/include -I/Users/richardhine/.espressif/v5.4.4/esp-idf/components/freertos/FreeRTOS-Kernel/portable/xtensa/include -I/Users/richardhine/.espressif/v5.4.4/esp-idf/components/freertos/FreeRTOS-Kernel/portable/xtensa/include/freertos -I/Users/richardhine/.espressif/v5.4.4/esp-idf/components/freertos/esp_additions/include -I/Users/richardhine/.espressif/v5.4.4/esp-idf/components/esp_hw_support/include -I/Users/richardhine/.espressif/v5.4.4/esp-idf/components/esp_hw_support/include/soc -I/Users/richardhine/.espressif/v5.4.4/esp-idf/components/esp_hw_support/include/soc/esp32s3 -I/Users/richardhine/.espressif/v5.4.4/esp-idf/components/esp_hw_support/dma/include -I/Users/richardhine/.espressif/v5.4.4/esp-idf/components/esp_hw_support/ldo/include -I/Users/richardhine/.espressif/v5.4.4/esp-idf/components/esp_hw_support/debug_probe/include -I/Users/richardhine/.espressif/v5.4.4/esp-idf/components/esp_hw_support/port/esp32s3/. -I/Users/richardhine/.espressif/v5.4.4/esp-idf/components/esp_hw_support/port/esp32s3/include -I/Users/richardhine/.espressif/v5.4.4/esp-idf/components/heap/include -I/Users/richardhine/.espressif/v5.4.4/esp-idf/components/heap/tlsf -I/Users/richardhine/.espressif/v5.4.4/esp-idf/components/log/include -I/Users/richardhine/.espressif/v5.4.4/esp-idf/components/soc/include -I/Users/richardhine/.espressif/v5.4.4/esp-idf/components/soc/esp32s3 -I/Users/richardhine/.espressif/v5.4.4/esp-idf/components/soc/esp32s3/include -I/Users/richardhine/.espressif/v5.4.4/esp-idf/components/soc/esp32s3/register -I/Users/richardhine/.espressif/v5.4.4/esp-idf/components/hal/platform_port/include -I/Users/richardhine/.espressif/v5.4.4/esp-idf/components/hal/esp32s3/include -I/Users/richardhine/.espressif/v5.4.4/esp-idf/components/hal/include -I/Users/richardhine/.espressif/v5.4.4/esp-idf/components/esp_rom/include -I/Users/richardhine/.espressif/v5.4.4/esp-idf/components/esp_rom/esp32s3/include -I/Users/richardhine/.espressif/v5.4.4/esp-idf/components/esp_rom/esp32s3/include/esp32s3 -I/Users/richardhine/.espressif/v5.4.4/esp-idf/components/esp_rom/esp32s3 -I/Users/richardhine/.espressif/v5.4.4/esp-idf/components/esp_common/include -I/Users/richardhine/.espressif/v5.4.4/esp-idf/components/esp_system/include -I/Users/richardhine/.espressif/v5.4.4/esp-idf/components/esp_system/port/soc -I/Users/richardhine/.espressif/v5.4.4/esp-idf/components/esp_system/port/include/private -I/Users/richardhine/.espressif/v5.4.4/esp-idf/components/xtensa/esp32s3/include -I/Users/richardhine/.espressif/v5.4.4/esp-idf/components/xtensa/include -I/Users/richardhine/.espressif/v5.4.4/esp-idf/components/xtensa/deprecated_include -I/Users/richardhine/.espressif/v5.4.4/esp-idf/components/lwip/include -I/Users/richardhine/.espressif/v5.4.4/esp-idf/components/lwip/include/apps -I/Users/richardhine/.espressif/v5.4.4/esp-idf/components/lwip/include/apps/sntp -I/Users/richardhine/.espressif/v5.4.4/esp-idf/components/lwip/lwip/src/include -I/Users/richardhine/.espressif/v5.4.4/esp-idf/components/lwip/port/include -I/Users/richardhine/.espressif/v5.4.4/esp-idf/components/lwip/port/freertos/include -I/Users/richardhine/.espressif/v5.4.4/esp-idf/components/lwip/port/esp32xx/include -I/Users/richardhine/.espressif/v5.4.4/esp-idf/components/lwip/port/esp32xx/include/arch -I/Users/richardhine/.espressif/v5.4.4/esp-idf/components/lwip/port/esp32xx/include/sys -I/Users/richardhine/.espressif/v5.4.4/esp-idf/components/esp_lcd/include -I/Users/richardhine/.espressif/v5.4.4/esp-idf/components/esp_lcd/interface -I/Users/richardhine/.espressif/v5.4.4/esp-idf/components/esp_lcd/rgb/include -I/Users/richardhine/.espressif/v5.4.4/esp-idf/components/driver/deprecated -I/Users/richardhine/.espressif/v5.4.4/esp-idf/components/driver/i2c/include -I/Users/richardhine/.espressif/v5.4.4/esp-idf/components/driver/touch_sensor/include -I/Users/richardhine/.espressif/v5.4.4/esp-idf/components/driver/twai/include -I/Users/richardhine/.espressif/v5.4.4/esp-idf/components/driver/touch_sensor/esp32s3/include -I/Users/richardhine/.espressif/v5.4.4/esp-idf/components/esp_pm/include -I/Users/richardhine/.espressif/v5.4.4/esp-idf/components/esp_ringbuf/include -I/Users/richardhine/.espressif/v5.4.4/esp-idf/components/esp_driver_gpio/include -I/Users/richardhine/.espressif/v5.4.4/esp-idf/components/esp_driver_pcnt/include -I/Users/richardhine/.espressif/v5.4.4/esp-idf/components/esp_driver_gptimer/include -I/Users/richardhine/.espressif/v5.4.4/esp-idf/components/esp_driver_spi/include -I/Users/richardhine/.espressif/v5.4.4/esp-idf/components/esp_driver_mcpwm/include -I/Users/richardhine/.espressif/v5.4.4/esp-idf/components/esp_driver_ana_cmpr/include -I/Users/richardhine/.espressif/v5.4.4/esp-idf/components/esp_driver_i2s/include -I/Users/richardhine/.espressif/v5.4.4/esp-idf/components/esp_driver_sdmmc/include -I/Users/richardhine/.espressif/v5.4.4/esp-idf/components/sdmmc/include -I/Users/richardhine/.espressif/v5.4.4/esp-idf/components/esp_driver_sdspi/include -I/Users/richardhine/.espressif/v5.4.4/esp-idf/components/esp_driver_sdio/include -I/Users/richardhine/.espressif/v5.4.4/esp-idf/components/esp_driver_dac/include -I/Users/richardhine/.espressif/v5.4.4/esp-idf/components/esp_driver_rmt/include -I/Users/richardhine/.espressif/v5.4.4/esp-idf/components/esp_driver_tsens/include -I/Users/richardhine/.espressif/v5.4.4/esp-idf/components/esp_driver_sdm/include -I/Users/richardhine/.espressif/v5.4.4/esp-idf/components/esp_driver_i2c/include -I/Users/richardhine/.espressif/v5.4.4/esp-idf/components/esp_driver_uart/include -I/Users/richardhine/.espressif/v5.4.4/esp-idf/components/vfs/include -I/Users/richardhine/.espressif/v5.4.4/esp-idf/components/esp_driver_ledc/include -I/Users/richardhine/.espressif/v5.4.4/esp-idf/components/esp_driver_parlio/include -I/Users/richardhine/.espressif/v5.4.4/esp-idf/components/esp_driver_usb_serial_jtag/include -I/Users/richardhine/.espressif/v5.4.4/esp-idf/components/nvs_flash/include -I/Users/richardhine/.espressif/v5.4.4/esp-idf/components/esp_partition/include -I/Users/richardhine/Documents/Xcode/ESP32-EFIS/firmware/managed_components/espressif__esp_lcd_qemu_rgb/interface -mlongcalls  -fno-builtin-memcpy -fno-builtin-memset -fno-builtin-bzero -fno-builtin-stpcpy -fno-builtin-strncpy -fdiagnostics-color=always -ffunction-sections -fdata-sections -Wall -Werror=all -Wno-error=unused-function -Wno-error=unused-variable -Wno-error=unused-but-set-variable -Wno-error=deprecated-declarations -Wextra -Wno-error=extra -Wno-unused-parameter -Wno-sign-compare -Wno-enum-conversion -gdwarf-4 -ggdb -O2 -fmacro-prefix-map=/Users/richardhine/Documents/Xcode/ESP32-EFIS/firmware=. -fmacro-prefix-map=/Users/richardhine/.espressif/v5.4.4/esp-idf=/IDF -fstrict-volatile-bitfields -fno-jump-tables -fno-tree-switch-conversion -std=gnu17 -Wno-old-style-declaration -MD -MT esp-idf/main/CMakeFiles/__idf_main.dir/horizon_renderer.c.obj -MF esp-idf/main/CMakeFiles/__idf_main.dir/horizon_renderer.c.obj.d -o esp-idf/main/CMakeFiles/__idf_main.dir/horizon_renderer.c.obj -c /Users/richardhine/Documents/Xcode/ESP32-EFIS/firmware/main/horizon_renderer.c
/Users/richardhine/Documents/Xcode/ESP32-EFIS/firmware/main/horizon_renderer.c: In function 'pitch_mark':
/Users/richardhine/Documents/Xcode/ESP32-EFIS/firmware/main/horizon_renderer.c:43:11: error: unknown type name 'bool'
   43 |     const bool major=(abs(deg)%10)==0;
      |           ^~~~
/Users/richardhine/Documents/Xcode/ESP32-EFIS/firmware/main/horizon_renderer.c:4:1: note: 'bool' is defined in header '<stdbool.h>'; this is probably fixable by adding '#include <stdbool.h>'
    3 | #include <math.h>
  +++ |+#include <stdbool.h>
    4 | #include <stdlib.h>
[2/17] Linking C static library esp-idf/nvs_sec_provider/libnvs_sec_provider.a
[3/17] Linking C static library esp-idf/perfmon/libperfmon.a
[4/17] Linking C static library esp-idf/rt/librt.a
[5/17] Linking C static library esp-idf/spiffs/libspiffs.a
[6/17] Linking C static library esp-idf/usb/libusb.a
[7/17] Linking C static library esp-idf/wifi_provisioning/libwifi_provisioning.a
[8/17] Linking C static library esp-idf/touch_element/libtouch_element.a
[9/17] Performing build step for 'bootloader'
[1/116] Building C object esp-idf/log/CMakeFiles/__idf_log.dir/src/noos/log_timestamp.c.obj
[2/116] Building C object esp-idf/log/CMakeFiles/__idf_log.dir/src/log_timestamp_common.c.obj
[3/116] Building C object esp-idf/esp_rom/CMakeFiles/__idf_esp_rom.dir/patches/esp_rom_sys.c.obj
[4/116] Building C object esp-idf/esp_rom/CMakeFiles/__idf_esp_rom.dir/patches/esp_rom_uart.c.obj
[5/116] Building C object esp-idf/esp_rom/CMakeFiles/__idf_esp_rom.dir/patches/esp_rom_cache_esp32s2_esp32s3.c.obj
[6/116] Building C object esp-idf/esp_hw_support/CMakeFiles/__idf_esp_hw_support.dir/cpu.c.obj
[7/116] Building C object esp-idf/esp_hw_support/CMakeFiles/__idf_esp_hw_support.dir/port/esp32s3/esp_cpu_intr.c.obj
[8/116] Building C object esp-idf/esp_rom/CMakeFiles/__idf_esp_rom.dir/patches/esp_rom_efuse.c.obj
[9/116] Building ASM object esp-idf/esp_rom/CMakeFiles/__idf_esp_rom.dir/patches/esp_rom_cache_writeback_esp32s3.S.obj
[10/116] Building C object esp-idf/esp_rom/CMakeFiles/__idf_esp_rom.dir/patches/esp_rom_crc.c.obj
[11/116] Building C object esp-idf/esp_common/CMakeFiles/__idf_esp_common.dir/src/esp_err_to_name.c.obj
[12/116] Building ASM object esp-idf/esp_rom/CMakeFiles/__idf_esp_rom.dir/patches/esp_rom_longjmp.S.obj
[13/116] Building C object esp-idf/log/CMakeFiles/__idf_log.dir/src/noos/log_lock.c.obj
[14/116] Building C object esp-idf/esp_rom/CMakeFiles/__idf_esp_rom.dir/patches/esp_rom_print.c.obj
[15/116] Building C object esp-idf/esp_hw_support/CMakeFiles/__idf_esp_hw_support.dir/esp_memory_utils.c.obj
[16/116] Building C object esp-idf/esp_rom/CMakeFiles/__idf_esp_rom.dir/patches/esp_rom_gpio.c.obj
[17/116] Building C object esp-idf/esp_hw_support/CMakeFiles/__idf_esp_hw_support.dir/port/esp32s3/cpu_region_protect.c.obj
[18/116] Building C object esp-idf/esp_rom/CMakeFiles/__idf_esp_rom.dir/patches/esp_rom_wdt.c.obj
[19/116] Building C object esp-idf/esp_hw_support/CMakeFiles/__idf_esp_hw_support.dir/port/esp32s3/rtc_sleep.c.obj
[20/116] Building C object esp-idf/esp_rom/CMakeFiles/__idf_esp_rom.dir/patches/esp_rom_spiflash.c.obj
[21/116] Building C object esp-idf/esp_hw_support/CMakeFiles/__idf_esp_hw_support.dir/port/esp32s3/chip_info.c.obj
[22/116] Building C object esp-idf/esp_hw_support/CMakeFiles/__idf_esp_hw_support.dir/port/esp32s3/rtc_time.c.obj
[23/116] Building C object esp-idf/efuse/CMakeFiles/__idf_efuse.dir/esp32s3/esp_efuse_fields.c.obj
[24/116] Building C object esp-idf/esp_system/CMakeFiles/__idf_esp_system.dir/esp_err.c.obj
[25/116] Building C object esp-idf/esp_hw_support/CMakeFiles/__idf_esp_hw_support.dir/port/esp32s3/rtc_init.c.obj
[26/116] Building C object esp-idf/esp_hw_support/CMakeFiles/__idf_esp_hw_support.dir/port/esp32s3/rtc_clk_init.c.obj
[27/116] Building C object esp-idf/efuse/CMakeFiles/__idf_efuse.dir/src/esp_efuse_api.c.obj
[28/116] Linking C static library esp-idf/log/liblog.a
[29/116] Building C object esp-idf/efuse/CMakeFiles/__idf_efuse.dir/src/esp_efuse_fields.c.obj
[30/116] Building C object esp-idf/esp_hw_support/CMakeFiles/__idf_esp_hw_support.dir/port/esp32s3/rtc_clk.c.obj
[31/116] Building C object esp-idf/esp_rom/CMakeFiles/__idf_esp_rom.dir/patches/esp_rom_systimer.c.obj
[32/116] Building C object esp-idf/bootloader_support/CMakeFiles/__idf_bootloader_support.dir/src/bootloader_common.c.obj
[33/116] Building C object esp-idf/efuse/CMakeFiles/__idf_efuse.dir/esp32s3/esp_efuse_utility.c.obj
[34/116] Building C object esp-idf/efuse/CMakeFiles/__idf_efuse.dir/esp32s3/esp_efuse_table.c.obj
[35/116] Building C object esp-idf/bootloader_support/CMakeFiles/__idf_bootloader_support.dir/src/bootloader_clock_init.c.obj
[36/116] Building C object esp-idf/bootloader_support/CMakeFiles/__idf_bootloader_support.dir/src/bootloader_common_loader.c.obj
[37/116] Building C object esp-idf/efuse/CMakeFiles/__idf_efuse.dir/esp32s3/esp_efuse_rtc_calib.c.obj
[38/116] Building C object esp-idf/efuse/CMakeFiles/__idf_efuse.dir/src/esp_efuse_utility.c.obj
[39/116] Building C object esp-idf/bootloader_support/CMakeFiles/__idf_bootloader_support.dir/src/secure_boot.c.obj
[40/116] Building C object esp-idf/bootloader_support/CMakeFiles/__idf_bootloader_support.dir/src/bootloader_efuse.c.obj
[41/116] Building C object esp-idf/bootloader_support/CMakeFiles/__idf_bootloader_support.dir/src/flash_encrypt.c.obj
[42/116] Building C object esp-idf/bootloader_support/CMakeFiles/__idf_bootloader_support.dir/bootloader_flash/src/flash_qio_mode.c.obj
[43/116] Building C object esp-idf/bootloader_support/CMakeFiles/__idf_bootloader_support.dir/src/bootloader_random_esp32s3.c.obj
[44/116] Linking C static library esp-idf/esp_rom/libesp_rom.a
[45/116] Building C object esp-idf/efuse/CMakeFiles/__idf_efuse.dir/src/efuse_controller/keys/with_key_purposes/esp_efuse_api_key.c.obj
[46/116] Building C object esp-idf/bootloader_support/CMakeFiles/__idf_bootloader_support.dir/bootloader_flash/src/bootloader_flash_config_esp32s3.c.obj
[47/116] Building C object esp-idf/bootloader_support/CMakeFiles/__idf_bootloader_support.dir/src/bootloader_mem.c.obj
[48/116] Building C object esp-idf/bootloader_support/CMakeFiles/__idf_bootloader_support.dir/src/bootloader_utility.c.obj
[49/116] Building C object esp-idf/bootloader_support/CMakeFiles/__idf_bootloader_support.dir/src/bootloader_random.c.obj
[50/116] Building C object esp-idf/bootloader_support/CMakeFiles/__idf_bootloader_support.dir/src/esp32s3/bootloader_sha.c.obj
[51/116] Building C object esp-idf/bootloader_support/CMakeFiles/__idf_bootloader_support.dir/src/esp32s3/bootloader_esp32s3.c.obj
[52/116] Building C object esp-idf/bootloader_support/CMakeFiles/__idf_bootloader_support.dir/src/esp_image_format.c.obj
[53/116] Building C object esp-idf/bootloader_support/CMakeFiles/__idf_bootloader_support.dir/src/bootloader_init.c.obj
[54/116] Building C object esp-idf/bootloader_support/CMakeFiles/__idf_bootloader_support.dir/src/bootloader_console.c.obj
[55/116] Building C object esp-idf/bootloader_support/CMakeFiles/__idf_bootloader_support.dir/src/bootloader_clock_loader.c.obj
[56/116] Building C object esp-idf/bootloader_support/CMakeFiles/__idf_bootloader_support.dir/src/flash_partitions.c.obj
[57/116] Building C object esp-idf/bootloader_support/CMakeFiles/__idf_bootloader_support.dir/src/bootloader_panic.c.obj
[58/116] Building C object esp-idf/hal/CMakeFiles/__idf_hal.dir/hal_utils.c.obj
[59/116] Linking C static library esp-idf/esp_common/libesp_common.a
[60/116] Building C object esp-idf/bootloader_support/CMakeFiles/__idf_bootloader_support.dir/src/bootloader_console_loader.c.obj
[61/116] Building C object esp-idf/bootloader_support/CMakeFiles/__idf_bootloader_support.dir/bootloader_flash/src/bootloader_flash.c.obj
[62/116] Building C object esp-idf/esp_bootloader_format/CMakeFiles/__idf_esp_bootloader_format.dir/esp_bootloader_desc.c.obj
[63/116] Building C object esp-idf/bootloader_support/CMakeFiles/__idf_bootloader_support.dir/src/esp32s3/bootloader_soc.c.obj
[64/116] Building C object esp-idf/hal/CMakeFiles/__idf_hal.dir/efuse_hal.c.obj
[65/116] Building C object esp-idf/hal/CMakeFiles/__idf_hal.dir/cache_hal.c.obj
[66/116] Building C object esp-idf/spi_flash/CMakeFiles/__idf_spi_flash.dir/spi_flash_wrap.c.obj
[67/116] Building C object esp-idf/hal/CMakeFiles/__idf_hal.dir/mmu_hal.c.obj
[68/116] Building C object esp-idf/soc/CMakeFiles/__idf_soc.dir/lldesc.c.obj
[69/116] Building C object esp-idf/soc/CMakeFiles/__idf_soc.dir/esp32s3/uart_periph.c.obj
[70/116] Building C object esp-idf/soc/CMakeFiles/__idf_soc.dir/esp32s3/adc_periph.c.obj
[71/116] Building C object esp-idf/hal/CMakeFiles/__idf_hal.dir/mpu_hal.c.obj
[72/116] Building C object esp-idf/soc/CMakeFiles/__idf_soc.dir/esp32s3/gdma_periph.c.obj
[73/116] Building C object esp-idf/soc/CMakeFiles/__idf_soc.dir/esp32s3/interrupts.c.obj
[74/116] Building C object esp-idf/soc/CMakeFiles/__idf_soc.dir/esp32s3/gpio_periph.c.obj
[75/116] Building C object esp-idf/soc/CMakeFiles/__idf_soc.dir/esp32s3/dedic_gpio_periph.c.obj
[76/116] Building C object esp-idf/hal/CMakeFiles/__idf_hal.dir/esp32s3/efuse_hal.c.obj
[77/116] Linking C static library esp-idf/esp_hw_support/libesp_hw_support.a
[78/116] Building C object esp-idf/soc/CMakeFiles/__idf_soc.dir/dport_access_common.c.obj
[79/116] Building C object esp-idf/soc/CMakeFiles/__idf_soc.dir/esp32s3/rmt_periph.c.obj
[80/116] Building C object esp-idf/soc/CMakeFiles/__idf_soc.dir/esp32s3/ledc_periph.c.obj
[81/116] Building C object esp-idf/soc/CMakeFiles/__idf_soc.dir/esp32s3/pcnt_periph.c.obj
[82/116] Building C object esp-idf/soc/CMakeFiles/__idf_soc.dir/esp32s3/spi_periph.c.obj
[83/116] Building C object esp-idf/soc/CMakeFiles/__idf_soc.dir/esp32s3/i2c_periph.c.obj
[84/116] Building C object esp-idf/soc/CMakeFiles/__idf_soc.dir/esp32s3/mcpwm_periph.c.obj
[85/116] Building C object esp-idf/soc/CMakeFiles/__idf_soc.dir/esp32s3/lcd_periph.c.obj
[86/116] Building C object esp-idf/soc/CMakeFiles/__idf_soc.dir/esp32s3/twai_periph.c.obj
[87/116] Building C object esp-idf/micro-ecc/CMakeFiles/__idf_micro-ecc.dir/uECC_verify_antifault.c.obj
[88/116] Building C object esp-idf/soc/CMakeFiles/__idf_soc.dir/esp32s3/i2s_periph.c.obj
[89/116] Building C object esp-idf/soc/CMakeFiles/__idf_soc.dir/esp32s3/touch_sensor_periph.c.obj
[90/116] Building C object esp-idf/soc/CMakeFiles/__idf_soc.dir/esp32s3/sdmmc_periph.c.obj
[91/116] Building C object esp-idf/soc/CMakeFiles/__idf_soc.dir/esp32s3/timer_periph.c.obj
[92/116] Building C object esp-idf/soc/CMakeFiles/__idf_soc.dir/esp32s3/sdm_periph.c.obj
[93/116] Building C object esp-idf/soc/CMakeFiles/__idf_soc.dir/esp32s3/cam_periph.c.obj
[94/116] Building C object esp-idf/soc/CMakeFiles/__idf_soc.dir/esp32s3/mpi_periph.c.obj
[95/116] Building C object esp-idf/xtensa/CMakeFiles/__idf_xtensa.dir/eri.c.obj
[96/116] Generating project_elf_src_esp32s3.c
[97/116] Building C object esp-idf/xtensa/CMakeFiles/__idf_xtensa.dir/xt_trax.c.obj
[98/116] Building C object esp-idf/main/CMakeFiles/__idf_main.dir/bootloader_start.c.obj
[99/116] Building C object esp-idf/soc/CMakeFiles/__idf_soc.dir/esp32s3/rtc_io_periph.c.obj
[100/116] Linking C static library esp-idf/esp_system/libesp_system.a
[101/116] Building C object esp-idf/soc/CMakeFiles/__idf_soc.dir/esp32s3/wdt_periph.c.obj
[102/116] Building C object esp-idf/soc/CMakeFiles/__idf_soc.dir/esp32s3/temperature_sensor_periph.c.obj
[103/116] Building C object esp-idf/soc/CMakeFiles/__idf_soc.dir/esp32s3/usb_dwc_periph.c.obj
[104/116] Building C object CMakeFiles/bootloader.elf.dir/project_elf_src_esp32s3.c.obj
[105/116] Linking C static library esp-idf/efuse/libefuse.a
[106/116] Linking C static library esp-idf/bootloader_support/libbootloader_support.a
[107/116] Linking C static library esp-idf/esp_bootloader_format/libesp_bootloader_format.a
[108/116] Linking C static library esp-idf/spi_flash/libspi_flash.a
[109/116] Linking C static library esp-idf/hal/libhal.a
[110/116] Linking C static library esp-idf/micro-ecc/libmicro-ecc.a
[111/116] Linking C static library esp-idf/soc/libsoc.a
[112/116] Linking C static library esp-idf/xtensa/libxtensa.a
[113/116] Linking C static library esp-idf/main/libmain.a
[114/116] Linking C executable bootloader.elf
[115/116] Generating binary image from built executable
esptool.py v4.12.0
Creating esp32s3 image...
Merged 2 ELF sections
Successfully created esp32s3 image.
Generated /Users/richardhine/Documents/Xcode/ESP32-EFIS/firmware/build-qemu/bootloader/bootloader.bin
[116/116] cd /Users/richardhine/Documents/Xcode/ESP32-EFIS/firmware/build-qemu/bootloader/esp-idf/esptool_py && /Users/richardhine/.espressif/tools/python/v5.4.4/venv/bin/python /Users/richardhine/.espressif/v5.4.4/esp-idf/components/partition_table/check_sizes.py --offset 0x8000 bootloader 0x0 /Users/richardhine/Documents/Xcode/ESP32-EFIS/firmware/build-qemu/bootloader/bootloader.bin
Bootloader binary size 0x51c0 bytes. 0x2e40 bytes (36%) free.
ninja: build stopped: subcommand failed.
ninja failed with exit code 1, output of the command is in the /Users/richardhine/Documents/Xcode/ESP32-EFIS/firmware/build-qemu/log/idf_py_stderr_output_67086 and /Users/richardhine/Documents/Xcode/ESP32-EFIS/firmware/build-qemu/log/idf_py_stdout_output_67086
